Archive member included to satisfy reference by file (symbol)

c:/st/stm32cubeide_1.0.2/stm32cubeide/plugins/com.st.stm32cube.ide.mcu.externaltools.gnu-tools-for-stm32.7-2018-q2-update.win32_1.0.0.201904181610/tools/bin/../lib/gcc/arm-none-eabi/7.3.1/../../../../arm-none-eabi/lib/thumb/v7-m\libc_nano.a(lib_a-errno.o)
                              Src/syscalls.o (__errno)
c:/st/stm32cubeide_1.0.2/stm32cubeide/plugins/com.st.stm32cube.ide.mcu.externaltools.gnu-tools-for-stm32.7-2018-q2-update.win32_1.0.0.201904181610/tools/bin/../lib/gcc/arm-none-eabi/7.3.1/../../../../arm-none-eabi/lib/thumb/v7-m\libc_nano.a(lib_a-exit.o)
                              c:/st/stm32cubeide_1.0.2/stm32cubeide/plugins/com.st.stm32cube.ide.mcu.externaltools.gnu-tools-for-stm32.7-2018-q2-update.win32_1.0.0.201904181610/tools/bin/../lib/gcc/arm-none-eabi/7.3.1/../../../../arm-none-eabi/lib/thumb/v7-m/crt0.o (exit)
c:/st/stm32cubeide_1.0.2/stm32cubeide/plugins/com.st.stm32cube.ide.mcu.externaltools.gnu-tools-for-stm32.7-2018-q2-update.win32_1.0.0.201904181610/tools/bin/../lib/gcc/arm-none-eabi/7.3.1/../../../../arm-none-eabi/lib/thumb/v7-m\libc_nano.a(lib_a-impure.o)
                              c:/st/stm32cubeide_1.0.2/stm32cubeide/plugins/com.st.stm32cube.ide.mcu.externaltools.gnu-tools-for-stm32.7-2018-q2-update.win32_1.0.0.201904181610/tools/bin/../lib/gcc/arm-none-eabi/7.3.1/../../../../arm-none-eabi/lib/thumb/v7-m\libc_nano.a(lib_a-exit.o) (_global_impure_ptr)
c:/st/stm32cubeide_1.0.2/stm32cubeide/plugins/com.st.stm32cube.ide.mcu.externaltools.gnu-tools-for-stm32.7-2018-q2-update.win32_1.0.0.201904181610/tools/bin/../lib/gcc/arm-none-eabi/7.3.1/../../../../arm-none-eabi/lib/thumb/v7-m\libc_nano.a(lib_a-init.o)
                              c:/st/stm32cubeide_1.0.2/stm32cubeide/plugins/com.st.stm32cube.ide.mcu.externaltools.gnu-tools-for-stm32.7-2018-q2-update.win32_1.0.0.201904181610/tools/bin/../lib/gcc/arm-none-eabi/7.3.1/../../../../arm-none-eabi/lib/thumb/v7-m/crt0.o (__libc_init_array)
c:/st/stm32cubeide_1.0.2/stm32cubeide/plugins/com.st.stm32cube.ide.mcu.externaltools.gnu-tools-for-stm32.7-2018-q2-update.win32_1.0.0.201904181610/tools/bin/../lib/gcc/arm-none-eabi/7.3.1/../../../../arm-none-eabi/lib/thumb/v7-m\libc_nano.a(lib_a-memset.o)
                              c:/st/stm32cubeide_1.0.2/stm32cubeide/plugins/com.st.stm32cube.ide.mcu.externaltools.gnu-tools-for-stm32.7-2018-q2-update.win32_1.0.0.201904181610/tools/bin/../lib/gcc/arm-none-eabi/7.3.1/../../../../arm-none-eabi/lib/thumb/v7-m/crt0.o (memset)

Discarded input sections

 .text          0x0000000000000000        0x0 c:/st/stm32cubeide_1.0.2/stm32cubeide/plugins/com.st.stm32cube.ide.mcu.externaltools.gnu-tools-for-stm32.7-2018-q2-update.win32_1.0.0.201904181610/tools/bin/../lib/gcc/arm-none-eabi/7.3.1/thumb/v7-m/crti.o
 .data          0x0000000000000000        0x0 c:/st/stm32cubeide_1.0.2/stm32cubeide/plugins/com.st.stm32cube.ide.mcu.externaltools.gnu-tools-for-stm32.7-2018-q2-update.win32_1.0.0.201904181610/tools/bin/../lib/gcc/arm-none-eabi/7.3.1/thumb/v7-m/crti.o
 .bss           0x0000000000000000        0x0 c:/st/stm32cubeide_1.0.2/stm32cubeide/plugins/com.st.stm32cube.ide.mcu.externaltools.gnu-tools-for-stm32.7-2018-q2-update.win32_1.0.0.201904181610/tools/bin/../lib/gcc/arm-none-eabi/7.3.1/thumb/v7-m/crti.o
 .data          0x0000000000000000        0x4 c:/st/stm32cubeide_1.0.2/stm32cubeide/plugins/com.st.stm32cube.ide.mcu.externaltools.gnu-tools-for-stm32.7-2018-q2-update.win32_1.0.0.201904181610/tools/bin/../lib/gcc/arm-none-eabi/7.3.1/thumb/v7-m/crtbegin.o
 .text          0x0000000000000000       0x74 c:/st/stm32cubeide_1.0.2/stm32cubeide/plugins/com.st.stm32cube.ide.mcu.externaltools.gnu-tools-for-stm32.7-2018-q2-update.win32_1.0.0.201904181610/tools/bin/../lib/gcc/arm-none-eabi/7.3.1/../../../../arm-none-eabi/lib/thumb/v7-m/crt0.o
 .data          0x0000000000000000        0x0 c:/st/stm32cubeide_1.0.2/stm32cubeide/plugins/com.st.stm32cube.ide.mcu.externaltools.gnu-tools-for-stm32.7-2018-q2-update.win32_1.0.0.201904181610/tools/bin/../lib/gcc/arm-none-eabi/7.3.1/../../../../arm-none-eabi/lib/thumb/v7-m/crt0.o
 .bss           0x0000000000000000        0x0 c:/st/stm32cubeide_1.0.2/stm32cubeide/plugins/com.st.stm32cube.ide.mcu.externaltools.gnu-tools-for-stm32.7-2018-q2-update.win32_1.0.0.201904181610/tools/bin/../lib/gcc/arm-none-eabi/7.3.1/../../../../arm-none-eabi/lib/thumb/v7-m/crt0.o
 .ARM.extab     0x0000000000000000        0x0 c:/st/stm32cubeide_1.0.2/stm32cubeide/plugins/com.st.stm32cube.ide.mcu.externaltools.gnu-tools-for-stm32.7-2018-q2-update.win32_1.0.0.201904181610/tools/bin/../lib/gcc/arm-none-eabi/7.3.1/../../../../arm-none-eabi/lib/thumb/v7-m/crt0.o
 .ARM.exidx     0x0000000000000000        0x8 c:/st/stm32cubeide_1.0.2/stm32cubeide/plugins/com.st.stm32cube.ide.mcu.externaltools.gnu-tools-for-stm32.7-2018-q2-update.win32_1.0.0.201904181610/tools/bin/../lib/gcc/arm-none-eabi/7.3.1/../../../../arm-none-eabi/lib/thumb/v7-m/crt0.o
[...]
Memory Configuration

Name             Origin             Length             Attributes
RAM              0x0000000020000000 0x0000000000005000 xrw
FLASH            0x0000000008000000 0x0000000000010000 xr
*default*        0x0000000000000000 0xffffffffffffffff

Linker script and memory map

LOAD c:/st/stm32cubeide_1.0.2/stm32cubeide/plugins/com.st.stm32cube.ide.mcu.externaltools.gnu-tools-for-stm32.7-2018-q2-update.win32_1.0.0.201904181610/tools/bin/../lib/gcc/arm-none-eabi/7.3.1/thumb/v7-m/crti.o
LOAD c:/st/stm32cubeide_1.0.2/stm32cubeide/plugins/com.st.stm32cube.ide.mcu.externaltools.gnu-tools-for-stm32.7-2018-q2-update.win32_1.0.0.201904181610/tools/bin/../lib/gcc/arm-none-eabi/7.3.1/thumb/v7-m/crtbegin.o
LOAD c:/st/stm32cubeide_1.0.2/stm32cubeide/plugins/com.st.stm32cube.ide.mcu.externaltools.gnu-tools-for-stm32.7-2018-q2-update.win32_1.0.0.201904181610/tools/bin/../lib/gcc/arm-none-eabi/7.3.1/../../../../arm-none-eabi/lib/thumb/v7-m/crt0.o
LOAD Drivers/STM32F1xx_HAL_Driver/Src/stm32f1xx_ll_dma.o
LOAD Drivers/STM32F1xx_HAL_Driver/Src/stm32f1xx_ll_exti.o
LOAD Drivers/STM32F1xx_HAL_Driver/Src/stm32f1xx_ll_gpio.o
LOAD Drivers/STM32F1xx_HAL_Driver/Src/stm32f1xx_ll_i2c.o
LOAD Drivers/STM32F1xx_HAL_Driver/Src/stm32f1xx_ll_pwr.o
LOAD Drivers/STM32F1xx_HAL_Driver/Src/stm32f1xx_ll_rcc.o
LOAD Drivers/STM32F1xx_HAL_Driver/Src/stm32f1xx_ll_usart.o
LOAD Drivers/STM32F1xx_HAL_Driver/Src/stm32f1xx_ll_utils.o
LOAD Src/gpio.o
LOAD Src/i2c.o
LOAD Src/main.o
LOAD Src/stm32f1xx_it.o
LOAD Src/syscalls.o
LOAD Src/sysmem.o
LOAD Src/system_stm32f1xx.o
LOAD Src/timing_service.o
LOAD Src/usart.o
LOAD Startup/startup_stm32f103c8tx.o
START GROUP
LOAD c:/st/stm32cubeide_1.0.2/stm32cubeide/plugins/com.st.stm32cube.ide.mcu.externaltools.gnu-tools-for-stm32.7-2018-q2-update.win32_1.0.0.201904181610/tools/bin/../lib/gcc/arm-none-eabi/7.3.1/../../../../arm-none-eabi/lib/thumb/v7-m\libc_nano.a
LOAD c:/st/stm32cubeide_1.0.2/stm32cubeide/plugins/com.st.stm32cube.ide.mcu.externaltools.gnu-tools-for-stm32.7-2018-q2-update.win32_1.0.0.201904181610/tools/bin/../lib/gcc/arm-none-eabi/7.3.1/../../../../arm-none-eabi/lib/thumb/v7-m\libm.a
END GROUP
START GROUP
LOAD c:/st/stm32cubeide_1.0.2/stm32cubeide/plugins/com.st.stm32cube.ide.mcu.externaltools.gnu-tools-for-stm32.7-2018-q2-update.win32_1.0.0.201904181610/tools/bin/../lib/gcc/arm-none-eabi/7.3.1/thumb/v7-m\libgcc.a
LOAD c:/st/stm32cubeide_1.0.2/stm32cubeide/plugins/com.st.stm32cube.ide.mcu.externaltools.gnu-tools-for-stm32.7-2018-q2-update.win32_1.0.0.201904181610/tools/bin/../lib/gcc/arm-none-eabi/7.3.1/../../../../arm-none-eabi/lib/thumb/v7-m\libc_nano.a
END GROUP
START GROUP
LOAD c:/st/stm32cubeide_1.0.2/stm32cubeide/plugins/com.st.stm32cube.ide.mcu.externaltools.gnu-tools-for-stm32.7-2018-q2-update.win32_1.0.0.201904181610/tools/bin/../lib/gcc/arm-none-eabi/7.3.1/thumb/v7-m\libgcc.a
LOAD c:/st/stm32cubeide_1.0.2/stm32cubeide/plugins/com.st.stm32cube.ide.mcu.externaltools.gnu-tools-for-stm32.7-2018-q2-update.win32_1.0.0.201904181610/tools/bin/../lib/gcc/arm-none-eabi/7.3.1/../../../../arm-none-eabi/lib/thumb/v7-m\libc_nano.a
LOAD c:/st/stm32cubeide_1.0.2/stm32cubeide/plugins/com.st.stm32cube.ide.mcu.externaltools.gnu-tools-for-stm32.7-2018-q2-update.win32_1.0.0.201904181610/tools/bin/../lib/gcc/arm-none-eabi/7.3.1/../../../../arm-none-eabi/lib/thumb/v7-m\libnosys.a
END GROUP
START GROUP
LOAD c:/st/stm32cubeide_1.0.2/stm32cubeide/plugins/com.st.stm32cube.ide.mcu.externaltools.gnu-tools-for-stm32.7-2018-q2-update.win32_1.0.0.201904181610/tools/bin/../lib/gcc/arm-none-eabi/7.3.1/thumb/v7-m\libgcc.a
LOAD c:/st/stm32cubeide_1.0.2/stm32cubeide/plugins/com.st.stm32cube.ide.mcu.externaltools.gnu-tools-for-stm32.7-2018-q2-update.win32_1.0.0.201904181610/tools/bin/../lib/gcc/arm-none-eabi/7.3.1/../../../../arm-none-eabi/lib/thumb/v7-m\libc_nano.a
LOAD c:/st/stm32cubeide_1.0.2/stm32cubeide/plugins/com.st.stm32cube.ide.mcu.externaltools.gnu-tools-for-stm32.7-2018-q2-update.win32_1.0.0.201904181610/tools/bin/../lib/gcc/arm-none-eabi/7.3.1/../../../../arm-none-eabi/lib/thumb/v7-m\libnosys.a
END GROUP
LOAD c:/st/stm32cubeide_1.0.2/stm32cubeide/plugins/com.st.stm32cube.ide.mcu.externaltools.gnu-tools-for-stm32.7-2018-q2-update.win32_1.0.0.201904181610/tools/bin/../lib/gcc/arm-none-eabi/7.3.1/thumb/v7-m/crtend.o
LOAD c:/st/stm32cubeide_1.0.2/stm32cubeide/plugins/com.st.stm32cube.ide.mcu.externaltools.gnu-tools-for-stm32.7-2018-q2-update.win32_1.0.0.201904181610/tools/bin/../lib/gcc/arm-none-eabi/7.3.1/thumb/v7-m/crtn.o
                0x0000000020005000                _estack = 0x20005000
                0x0000000000000200                _Min_Heap_Size = 0x200
                0x0000000000000400                _Min_Stack_Size = 0x400

.isr_vector     0x0000000008000000      0x10c
                0x0000000008000000                . = ALIGN (0x4)
 *(.isr_vector)
 .isr_vector    0x0000000008000000      0x10c Startup/startup_stm32f103c8tx.o
                0x0000000008000000                g_pfnVectors
                0x000000000800010c                . = ALIGN (0x4)

.text           0x000000000800010c     0x1634
                0x000000000800010c                . = ALIGN (0x4)
 *(.text)
 .text          0x000000000800010c       0x40 c:/st/stm32cubeide_1.0.2/stm32cubeide/plugins/com.st.stm32cube.ide.mcu.externaltools.gnu-tools-for-stm32.7-2018-q2-update.win32_1.0.0.201904181610/tools/bin/../lib/gcc/arm-none-eabi/7.3.1/thumb/v7-m/crtbegin.o
 *(.text*)
 .text.LL_GPIO_SetPinMode
                0x000000000800014c       0x64 Drivers/STM32F1xx_HAL_Driver/Src/stm32f1xx_ll_gpio.o
 .text.LL_GPIO_SetPinSpeed
                0x00000000080001b0       0x64 Drivers/STM32F1xx_HAL_Driver/Src/stm32f1xx_ll_gpio.o
 .text.LL_GPIO_SetPinOutputType
                0x0000000008000214       0x64 Drivers/STM32F1xx_HAL_Driver/Src/stm32f1xx_ll_gpio.o
 .text.LL_GPIO_SetPinPull
                0x0000000008000278       0x44 Drivers/STM32F1xx_HAL_Driver/Src/stm32f1xx_ll_gpio.o
 .text.LL_GPIO_Init
                0x00000000080002bc       0xc4 Drivers/STM32F1xx_HAL_Driver/Src/stm32f1xx_ll_gpio.o
                0x00000000080002bc                LL_GPIO_Init
 .text.LL_I2C_Enable
                0x0000000008000380       0x1e Drivers/STM32F1xx_HAL_Driver/Src/stm32f1xx_ll_i2c.o
 .text.LL_I2C_Disable
                0x000000000800039e       0x1e Drivers/STM32F1xx_HAL_Driver/Src/stm32f1xx_ll_i2c.o
 .text.LL_I2C_SetOwnAddress1
                0x00000000080003bc       0x2e Drivers/STM32F1xx_HAL_Driver/Src/stm32f1xx_ll_i2c.o
 *fill*         0x00000000080003ea        0x2 
 .text.LL_I2C_ConfigSpeed
                0x00000000080003ec      0x120 Drivers/STM32F1xx_HAL_Driver/Src/stm32f1xx_ll_i2c.o
 .text.LL_I2C_SetMode
                0x000000000800050c       0x24 Drivers/STM32F1xx_HAL_Driver/Src/stm32f1xx_ll_i2c.o
 .text.LL_I2C_AcknowledgeNextData
                0x0000000008000530       0x24 Drivers/STM32F1xx_HAL_Driver/Src/stm32f1xx_ll_i2c.o
 .text.LL_I2C_Init
                0x0000000008000554       0x62 Drivers/STM32F1xx_HAL_Driver/Src/stm32f1xx_ll_i2c.o
                0x0000000008000554                LL_I2C_Init
 *fill*         0x00000000080005b6        0x2 
 .text.LL_RCC_GetSysClkSource
                0x00000000080005b8       0x18 Drivers/STM32F1xx_HAL_Driver/Src/stm32f1xx_ll_rcc.o
 .text.LL_RCC_GetAHBPrescaler
                0x00000000080005d0       0x18 Drivers/STM32F1xx_HAL_Driver/Src/stm32f1xx_ll_rcc.o
 .text.LL_RCC_GetAPB1Prescaler
                0x00000000080005e8       0x18 Drivers/STM32F1xx_HAL_Driver/Src/stm32f1xx_ll_rcc.o
 .text.LL_RCC_GetAPB2Prescaler
                0x0000000008000600       0x18 Drivers/STM32F1xx_HAL_Driver/Src/stm32f1xx_ll_rcc.o
 .text.LL_RCC_PLL_GetMainSource
                0x0000000008000618       0x18 Drivers/STM32F1xx_HAL_Driver/Src/stm32f1xx_ll_rcc.o
 .text.LL_RCC_PLL_GetMultiplicator
                0x0000000008000630       0x18 Drivers/STM32F1xx_HAL_Driver/Src/stm32f1xx_ll_rcc.o
 .text.LL_RCC_PLL_GetPrediv
                0x0000000008000648       0x1c Drivers/STM32F1xx_HAL_Driver/Src/stm32f1xx_ll_rcc.o
 .text.LL_RCC_GetSystemClocksFreq
                0x0000000008000664       0x4a Drivers/STM32F1xx_HAL_Driver/Src/stm32f1xx_ll_rcc.o
                0x0000000008000664                LL_RCC_GetSystemClocksFreq
 *fill*         0x00000000080006ae        0x2 
 .text.RCC_GetSystemClockFreq
                0x00000000080006b0       0x44 Drivers/STM32F1xx_HAL_Driver/Src/stm32f1xx_ll_rcc.o
                0x00000000080006b0                RCC_GetSystemClockFreq
 .text.RCC_GetHCLKClockFreq
                0x00000000080006f4       0x2c Drivers/STM32F1xx_HAL_Driver/Src/stm32f1xx_ll_rcc.o
                0x00000000080006f4                RCC_GetHCLKClockFreq
 .text.RCC_GetPCLK1ClockFreq
                0x0000000008000720       0x28 Drivers/STM32F1xx_HAL_Driver/Src/stm32f1xx_ll_rcc.o
                0x0000000008000720                RCC_GetPCLK1ClockFreq
 .text.RCC_GetPCLK2ClockFreq
                0x0000000008000748       0x28 Drivers/STM32F1xx_HAL_Driver/Src/stm32f1xx_ll_rcc.o
                0x0000000008000748                RCC_GetPCLK2ClockFreq
 .text.RCC_PLL_GetFreqDomain_SYS
                0x0000000008000770       0x60 Drivers/STM32F1xx_HAL_Driver/Src/stm32f1xx_ll_rcc.o
                0x0000000008000770                RCC_PLL_GetFreqDomain_SYS
 .text.LL_USART_IsEnabled
                0x00000000080007d0       0x26 Drivers/STM32F1xx_HAL_Driver/Src/stm32f1xx_ll_usart.o
 .text.LL_USART_SetStopBitsLength
                0x00000000080007f6       0x24 Drivers/STM32F1xx_HAL_Driver/Src/stm32f1xx_ll_usart.o
 .text.LL_USART_SetHWFlowCtrl
                0x000000000800081a       0x24 Drivers/STM32F1xx_HAL_Driver/Src/stm32f1xx_ll_usart.o
 *fill*         0x000000000800083e        0x2 
 .text.LL_USART_SetBaudRate
                0x0000000008000840       0xbc Drivers/STM32F1xx_HAL_Driver/Src/stm32f1xx_ll_usart.o
 .text.LL_USART_Init
                0x00000000080008fc       0xc0 Drivers/STM32F1xx_HAL_Driver/Src/stm32f1xx_ll_usart.o
                0x00000000080008fc                LL_USART_Init
 .text.LL_InitTick
                0x00000000080009bc       0x34 Drivers/STM32F1xx_HAL_Driver/Src/stm32f1xx_ll_utils.o
 .text.LL_Init1msTick
                0x00000000080009f0       0x1a Drivers/STM32F1xx_HAL_Driver/Src/stm32f1xx_ll_utils.o
                0x00000000080009f0                LL_Init1msTick
 *fill*         0x0000000008000a0a        0x2 
 .text.LL_SetSystemCoreClock
                0x0000000008000a0c       0x1c Drivers/STM32F1xx_HAL_Driver/Src/stm32f1xx_ll_utils.o
                0x0000000008000a0c                LL_SetSystemCoreClock
 .text.LL_APB2_GRP1_EnableClock
                0x0000000008000a28       0x30 Src/gpio.o
 .text.LL_GPIO_ResetOutputPin
                0x0000000008000a58       0x1e Src/gpio.o
 *fill*         0x0000000008000a76        0x2 
 .text.MX_GPIO_Init
                0x0000000008000a78       0x60 Src/gpio.o
                0x0000000008000a78                MX_GPIO_Init
 .text.__NVIC_GetPriorityGrouping
                0x0000000008000ad8       0x1c Src/i2c.o
 .text.__NVIC_EnableIRQ
                0x0000000008000af4       0x38 Src/i2c.o
 .text.__NVIC_SetPriority
                0x0000000008000b2c       0x54 Src/i2c.o
 .text.NVIC_EncodePriority
                0x0000000008000b80       0x64 Src/i2c.o
 .text.LL_I2C_EnableClockStretching
                0x0000000008000be4       0x1e Src/i2c.o
 .text.LL_I2C_DisableGeneralCall
                0x0000000008000c02       0x1e Src/i2c.o
 .text.LL_I2C_SetOwnAddress2
                0x0000000008000c20       0x24 Src/i2c.o
 .text.LL_I2C_DisableOwnAddress2
                0x0000000008000c44       0x1e Src/i2c.o
 *fill*         0x0000000008000c62        0x2 
 .text.LL_APB1_GRP1_EnableClock
                0x0000000008000c64       0x30 Src/i2c.o
 .text.LL_APB2_GRP1_EnableClock
                0x0000000008000c94       0x30 Src/i2c.o
 .text.MX_I2C1_Init
                0x0000000008000cc4       0xe8 Src/i2c.o
                0x0000000008000cc4                MX_I2C1_Init
 .text.__NVIC_SetPriorityGrouping
                0x0000000008000dac       0x48 Src/main.o
 .text.LL_RCC_HSE_Enable
                0x0000000008000df4       0x1c Src/main.o
 .text.LL_RCC_HSE_IsReady
                0x0000000008000e10       0x24 Src/main.o
 .text.LL_RCC_SetSysClkSource
                0x0000000008000e34       0x28 Src/main.o
 .text.LL_RCC_GetSysClkSource
                0x0000000008000e5c       0x18 Src/main.o
 .text.LL_RCC_SetAHBPrescaler
                0x0000000008000e74       0x28 Src/main.o
 .text.LL_RCC_SetAPB1Prescaler
                0x0000000008000e9c       0x28 Src/main.o
 .text.LL_RCC_SetAPB2Prescaler
                0x0000000008000ec4       0x28 Src/main.o
 .text.LL_RCC_PLL_Enable
                0x0000000008000eec       0x1c Src/main.o
 .text.LL_RCC_PLL_IsReady
                0x0000000008000f08       0x24 Src/main.o
 .text.LL_RCC_PLL_ConfigDomain_SYS
                0x0000000008000f2c       0x30 Src/main.o
 .text.LL_APB1_GRP1_EnableClock
                0x0000000008000f5c       0x30 Src/main.o
 .text.LL_APB2_GRP1_EnableClock
                0x0000000008000f8c       0x30 Src/main.o
 .text.LL_FLASH_SetLatency
                0x0000000008000fbc       0x28 Src/main.o
 .text.LL_FLASH_GetLatency
                0x0000000008000fe4       0x18 Src/main.o
 .text.LL_SYSTICK_SetClkSource
                0x0000000008000ffc       0x38 Src/main.o
 .text.LL_GPIO_SetOutputPin
                0x0000000008001034       0x1e Src/main.o
 .text.LL_GPIO_ResetOutputPin
                0x0000000008001052       0x1e Src/main.o
 .text.LL_GPIO_AF_Remap_SWJ_NOJTAG
                0x0000000008001070       0x28 Src/main.o
 .text.Board_initGeneral
                0x0000000008001098        0xc Src/main.o
                0x0000000008001098                Board_initGeneral
 .text.main     0x00000000080010a4       0x58 Src/main.o
                0x00000000080010a4                main
 .text.SystemClock_Config
                0x00000000080010fc       0x84 Src/main.o
                0x00000000080010fc                SystemClock_Config
 .text.Error_Handler
                0x0000000008001180        0xc Src/main.o
                0x0000000008001180                Error_Handler
 .text.NMI_Handler
                0x000000000800118c        0xc Src/stm32f1xx_it.o
                0x000000000800118c                NMI_Handler
 .text.HardFault_Handler
                0x0000000008001198        0x6 Src/stm32f1xx_it.o
                0x0000000008001198                HardFault_Handler
 .text.MemManage_Handler
                0x000000000800119e        0x6 Src/stm32f1xx_it.o
                0x000000000800119e                MemManage_Handler
 .text.BusFault_Handler
                0x00000000080011a4        0x6 Src/stm32f1xx_it.o
                0x00000000080011a4                BusFault_Handler
 .text.UsageFault_Handler
                0x00000000080011aa        0x6 Src/stm32f1xx_it.o
                0x00000000080011aa                UsageFault_Handler
 .text.SVC_Handler
                0x00000000080011b0        0xc Src/stm32f1xx_it.o
                0x00000000080011b0                SVC_Handler
 .text.DebugMon_Handler
                0x00000000080011bc        0xc Src/stm32f1xx_it.o
                0x00000000080011bc                DebugMon_Handler
 .text.PendSV_Handler
                0x00000000080011c8        0xc Src/stm32f1xx_it.o
                0x00000000080011c8                PendSV_Handler
 .text.I2C1_EV_IRQHandler
                0x00000000080011d4        0xc Src/stm32f1xx_it.o
                0x00000000080011d4                I2C1_EV_IRQHandler
 .text.I2C1_ER_IRQHandler
                0x00000000080011e0        0xc Src/stm32f1xx_it.o
                0x00000000080011e0                I2C1_ER_IRQHandler
 .text.USART1_IRQHandler
                0x00000000080011ec        0xc Src/stm32f1xx_it.o
                0x00000000080011ec                USART1_IRQHandler
 .text.SystemInit
                0x00000000080011f8       0x68 Src/system_stm32f1xx.o
                0x00000000080011f8                SystemInit
 .text.SystemCoreClockUpdate
                0x0000000008001260       0xd8 Src/system_stm32f1xx.o
                0x0000000008001260                SystemCoreClockUpdate
 .text.__NVIC_SetPriority
                0x0000000008001338       0x54 Src/timing_service.o
 .text.SysTick_Config
                0x000000000800138c       0x44 Src/timing_service.o
 .text.time_start
                0x00000000080013d0       0x28 Src/timing_service.o
                0x00000000080013d0                time_start
 .text.time_delayBlocking
                0x00000000080013f8       0x2c Src/timing_service.o
                0x00000000080013f8                time_delayBlocking
 .text.SysTick_Handler
                0x0000000008001424       0x1c Src/timing_service.o
                0x0000000008001424                SysTick_Handler
 .text.__NVIC_GetPriorityGrouping
                0x0000000008001440       0x1c Src/usart.o
 .text.__NVIC_EnableIRQ
                0x000000000800145c       0x38 Src/usart.o
 .text.__NVIC_SetPriority
                0x0000000008001494       0x54 Src/usart.o
 .text.NVIC_EncodePriority
                0x00000000080014e8       0x64 Src/usart.o
 .text.LL_APB2_GRP1_EnableClock
                0x000000000800154c       0x30 Src/usart.o
 .text.LL_USART_Enable
                0x000000000800157c       0x1e Src/usart.o
 .text.LL_USART_ConfigAsyncMode
                0x000000000800159a       0x2a Src/usart.o
 .text.MX_USART1_UART_Init
                0x00000000080015c4       0xd0 Src/usart.o
                0x00000000080015c4                MX_USART1_UART_Init
 .text.Reset_Handler
                0x0000000008001694       0x48 Startup/startup_stm32f103c8tx.o
                0x0000000008001694                Reset_Handler
 .text.Default_Handler
                0x00000000080016dc        0x2 Startup/startup_stm32f103c8tx.o
                0x00000000080016dc                RTC_Alarm_IRQHandler
                0x00000000080016dc                EXTI2_IRQHandler
                0x00000000080016dc                TIM1_CC_IRQHandler
                0x00000000080016dc                PVD_IRQHandler
                0x00000000080016dc                EXTI3_IRQHandler
                0x00000000080016dc                EXTI0_IRQHandler
                0x00000000080016dc                I2C2_EV_IRQHandler
                0x00000000080016dc                ADC1_2_IRQHandler
                0x00000000080016dc                SPI1_IRQHandler
                0x00000000080016dc                TAMPER_IRQHandler
                0x00000000080016dc                DMA1_Channel4_IRQHandler
                0x00000000080016dc                USART3_IRQHandler
                0x00000000080016dc                RTC_IRQHandler
                0x00000000080016dc                DMA1_Channel7_IRQHandler
                0x00000000080016dc                CAN1_RX1_IRQHandler
                0x00000000080016dc                TIM4_IRQHandler
                0x00000000080016dc                DMA1_Channel6_IRQHandler
                0x00000000080016dc                TIM3_IRQHandler
                0x00000000080016dc                RCC_IRQHandler
                0x00000000080016dc                TIM1_TRG_COM_IRQHandler
                0x00000000080016dc                DMA1_Channel1_IRQHandler
                0x00000000080016dc                Default_Handler
                0x00000000080016dc                EXTI15_10_IRQHandler
                0x00000000080016dc                EXTI9_5_IRQHandler
                0x00000000080016dc                SPI2_IRQHandler
                0x00000000080016dc                DMA1_Channel5_IRQHandler
                0x00000000080016dc                EXTI4_IRQHandler
                0x00000000080016dc                USB_LP_CAN1_RX0_IRQHandler
                0x00000000080016dc                USB_HP_CAN1_TX_IRQHandler
                0x00000000080016dc                DMA1_Channel3_IRQHandler
                0x00000000080016dc                TIM1_UP_IRQHandler
                0x00000000080016dc                WWDG_IRQHandler
                0x00000000080016dc                TIM2_IRQHandler
                0x00000000080016dc                TIM1_BRK_IRQHandler
                0x00000000080016dc                EXTI1_IRQHandler
                0x00000000080016dc                USART2_IRQHandler
                0x00000000080016dc                I2C2_ER_IRQHandler
                0x00000000080016dc                DMA1_Channel2_IRQHandler
                0x00000000080016dc                CAN1_SCE_IRQHandler
                0x00000000080016dc                FLASH_IRQHandler
                0x00000000080016dc                USBWakeUp_IRQHandler
 *fill*         0x00000000080016de        0x2 
 .text.__libc_init_array
                0x00000000080016e0       0x48 c:/st/stm32cubeide_1.0.2/stm32cubeide/plugins/com.st.stm32cube.ide.mcu.externaltools.gnu-tools-for-stm32.7-2018-q2-update.win32_1.0.0.201904181610/tools/bin/../lib/gcc/arm-none-eabi/7.3.1/../../../../arm-none-eabi/lib/thumb/v7-m\libc_nano.a(lib_a-init.o)
                0x00000000080016e0                __libc_init_array
 *(.glue_7)
 .glue_7        0x0000000008001728        0x0 linker stubs
 *(.glue_7t)
 .glue_7t       0x0000000008001728        0x0 linker stubs
 *(.eh_frame)
 .eh_frame      0x0000000008001728        0x0 c:/st/stm32cubeide_1.0.2/stm32cubeide/plugins/com.st.stm32cube.ide.mcu.externaltools.gnu-tools-for-stm32.7-2018-q2-update.win32_1.0.0.201904181610/tools/bin/../lib/gcc/arm-none-eabi/7.3.1/thumb/v7-m/crtbegin.o
 *(.init)
 .init          0x0000000008001728        0x4 c:/st/stm32cubeide_1.0.2/stm32cubeide/plugins/com.st.stm32cube.ide.mcu.externaltools.gnu-tools-for-stm32.7-2018-q2-update.win32_1.0.0.201904181610/tools/bin/../lib/gcc/arm-none-eabi/7.3.1/thumb/v7-m/crti.o
                0x0000000008001728                _init
 .init          0x000000000800172c        0x8 c:/st/stm32cubeide_1.0.2/stm32cubeide/plugins/com.st.stm32cube.ide.mcu.externaltools.gnu-tools-for-stm32.7-2018-q2-update.win32_1.0.0.201904181610/tools/bin/../lib/gcc/arm-none-eabi/7.3.1/thumb/v7-m/crtn.o
 *(.fini)
 .fini          0x0000000008001734        0x4 c:/st/stm32cubeide_1.0.2/stm32cubeide/plugins/com.st.stm32cube.ide.mcu.externaltools.gnu-tools-for-stm32.7-2018-q2-update.win32_1.0.0.201904181610/tools/bin/../lib/gcc/arm-none-eabi/7.3.1/thumb/v7-m/crti.o
                0x0000000008001734                _fini
 .fini          0x0000000008001738        0x8 c:/st/stm32cubeide_1.0.2/stm32cubeide/plugins/com.st.stm32cube.ide.mcu.externaltools.gnu-tools-for-stm32.7-2018-q2-update.win32_1.0.0.201904181610/tools/bin/../lib/gcc/arm-none-eabi/7.3.1/thumb/v7-m/crtn.o
                0x0000000008001740                . = ALIGN (0x4)
                0x0000000008001740                _etext = .

.vfp11_veneer   0x0000000008001740        0x0
 .vfp11_veneer  0x0000000008001740        0x0 linker stubs

.v4_bx          0x0000000008001740        0x0
 .v4_bx         0x0000000008001740        0x0 linker stubs

.iplt           0x0000000008001740        0x0
 .iplt          0x0000000008001740        0x0 c:/st/stm32cubeide_1.0.2/stm32cubeide/plugins/com.st.stm32cube.ide.mcu.externaltools.gnu-tools-for-stm32.7-2018-q2-update.win32_1.0.0.201904181610/tools/bin/../lib/gcc/arm-none-eabi/7.3.1/thumb/v7-m/crtbegin.o

.rodata         0x0000000008001740       0x18
                0x0000000008001740                . = ALIGN (0x4)
 *(.rodata)
 *(.rodata*)
 .rodata.AHBPrescTable
                0x0000000008001740       0x10 Src/system_stm32f1xx.o
                0x0000000008001740                AHBPrescTable
 .rodata.APBPrescTable
                0x0000000008001750        0x8 Src/system_stm32f1xx.o
                0x0000000008001750                APBPrescTable
                0x0000000008001758                . = ALIGN (0x4)

.rel.dyn        0x0000000008001758        0x0
 .rel.iplt      0x0000000008001758        0x0 c:/st/stm32cubeide_1.0.2/stm32cubeide/plugins/com.st.stm32cube.ide.mcu.externaltools.gnu-tools-for-stm32.7-2018-q2-update.win32_1.0.0.201904181610/tools/bin/../lib/gcc/arm-none-eabi/7.3.1/thumb/v7-m/crtbegin.o

.ARM.extab      0x0000000008001758        0x0
                0x0000000008001758                . = ALIGN (0x4)
 *(.ARM.extab* .gnu.linkonce.armextab.*)
                0x0000000008001758                . = ALIGN (0x4)

.ARM            0x0000000008001758        0x0
                0x0000000008001758                . = ALIGN (0x4)
                0x0000000008001758                __exidx_start = .
 *(.ARM.exidx*)
                0x0000000008001758                __exidx_end = .
                0x0000000008001758                . = ALIGN (0x4)

.preinit_array  0x0000000008001758        0x0
                0x0000000008001758                . = ALIGN (0x4)
                0x0000000008001758                PROVIDE (__preinit_array_start = .)
 *(.preinit_array*)
                0x0000000008001758                PROVIDE (__preinit_array_end = .)
                0x0000000008001758                . = ALIGN (0x4)

.init_array     0x0000000008001758        0x4
                0x0000000008001758                . = ALIGN (0x4)
                0x0000000008001758                PROVIDE (__init_array_start = .)
 *(SORT_BY_NAME(.init_array.*))
 *(.init_array*)
 .init_array    0x0000000008001758        0x4 c:/st/stm32cubeide_1.0.2/stm32cubeide/plugins/com.st.stm32cube.ide.mcu.externaltools.gnu-tools-for-stm32.7-2018-q2-update.win32_1.0.0.201904181610/tools/bin/../lib/gcc/arm-none-eabi/7.3.1/thumb/v7-m/crtbegin.o
                0x000000000800175c                PROVIDE (__init_array_end = .)
                0x000000000800175c                . = ALIGN (0x4)

.fini_array     0x000000000800175c        0x4
                0x000000000800175c                . = ALIGN (0x4)
                [!provide]                        PROVIDE (__fini_array_start = .)
 *(SORT_BY_NAME(.fini_array.*))
 *(.fini_array*)
 .fini_array    0x000000000800175c        0x4 c:/st/stm32cubeide_1.0.2/stm32cubeide/plugins/com.st.stm32cube.ide.mcu.externaltools.gnu-tools-for-stm32.7-2018-q2-update.win32_1.0.0.201904181610/tools/bin/../lib/gcc/arm-none-eabi/7.3.1/thumb/v7-m/crtbegin.o
                [!provide]                        PROVIDE (__fini_array_end = .)
                0x0000000008001760                . = ALIGN (0x4)
                0x0000000008001760                _sidata = LOADADDR (.data)

.data           0x0000000020000000        0x4 load address 0x0000000008001760
                0x0000000020000000                . = ALIGN (0x4)
                0x0000000020000000                _sdata = .
 *(.data)
 *(.data*)
 .data.SystemCoreClock
                0x0000000020000000        0x4 Src/system_stm32f1xx.o
                0x0000000020000000                SystemCoreClock
                0x0000000020000004                . = ALIGN (0x4)
                0x0000000020000004                _edata = .

.igot.plt       0x0000000020000004        0x0 load address 0x0000000008001764
 .igot.plt      0x0000000020000004        0x0 c:/st/stm32cubeide_1.0.2/stm32cubeide/plugins/com.st.stm32cube.ide.mcu.externaltools.gnu-tools-for-stm32.7-2018-q2-update.win32_1.0.0.201904181610/tools/bin/../lib/gcc/arm-none-eabi/7.3.1/thumb/v7-m/crtbegin.o
                0x0000000020000004                . = ALIGN (0x4)

.bss            0x0000000020000004       0x20 load address 0x0000000008001764
                0x0000000020000004                _sbss = .
                0x0000000020000004                __bss_start__ = _sbss
 *(.bss)
 .bss           0x0000000020000004       0x1c c:/st/stm32cubeide_1.0.2/stm32cubeide/plugins/com.st.stm32cube.ide.mcu.externaltools.gnu-tools-for-stm32.7-2018-q2-update.win32_1.0.0.201904181610/tools/bin/../lib/gcc/arm-none-eabi/7.3.1/thumb/v7-m/crtbegin.o
 *(.bss*)
 .bss.systick_counter
                0x0000000020000020        0x4 Src/timing_service.o
                0x0000000020000020                systick_counter
 *(COMMON)
                0x0000000020000024                . = ALIGN (0x4)
                0x0000000020000024                _ebss = .
                0x0000000020000024                __bss_end__ = _ebss

._user_heap_stack
                0x0000000020000024      0x604 load address 0x0000000008001764
                0x0000000020000028                . = ALIGN (0x8)
 *fill*         0x0000000020000024        0x4 
                0x0000000020000028                PROVIDE (end = .)
                [!provide]                        PROVIDE (_end = .)
                0x0000000020000228                . = (. + _Min_Heap_Size)
 *fill*         0x0000000020000028      0x200 
                0x0000000020000628                . = (. + _Min_Stack_Size)
 *fill*         0x0000000020000228      0x400 
                0x0000000020000628                . = ALIGN (0x8)

/DISCARD/
 libc.a(*)
 libm.a(*)
 libgcc.a(*)

.ARM.attributes
                0x0000000000000000       0x29
 *(.ARM.attributes)
 .ARM.attributes
                0x0000000000000000       0x1d c:/st/stm32cubeide_1.0.2/stm32cubeide/plugins/com.st.stm32cube.ide.mcu.externaltools.gnu-tools-for-stm32.7-2018-q2-update.win32_1.0.0.201904181610/tools/bin/../lib/gcc/arm-none-eabi/7.3.1/thumb/v7-m/crti.o
 .ARM.attributes
                0x000000000000001d       0x2d c:/st/stm32cubeide_1.0.2/stm32cubeide/plugins/com.st.stm32cube.ide.mcu.externaltools.gnu-tools-for-stm32.7-2018-q2-update.win32_1.0.0.201904181610/tools/bin/../lib/gcc/arm-none-eabi/7.3.1/thumb/v7-m/crtbegin.o
 .ARM.attributes
                0x000000000000004a       0x33 Drivers/STM32F1xx_HAL_Driver/Src/stm32f1xx_ll_gpio.o
 .ARM.attributes
                0x000000000000007d       0x33 Drivers/STM32F1xx_HAL_Driver/Src/stm32f1xx_ll_i2c.o
 .ARM.attributes
                0x00000000000000b0       0x33 Drivers/STM32F1xx_HAL_Driver/Src/stm32f1xx_ll_rcc.o
 .ARM.attributes
                0x00000000000000e3       0x33 Drivers/STM32F1xx_HAL_Driver/Src/stm32f1xx_ll_usart.o
 .ARM.attributes
                0x0000000000000116       0x33 Drivers/STM32F1xx_HAL_Driver/Src/stm32f1xx_ll_utils.o
 .ARM.attributes
                0x0000000000000149       0x33 Src/gpio.o
 .ARM.attributes
                0x000000000000017c       0x33 Src/i2c.o
 .ARM.attributes
                0x00000000000001af       0x33 Src/main.o
 .ARM.attributes
                0x00000000000001e2       0x33 Src/stm32f1xx_it.o
 .ARM.attributes
                0x0000000000000215       0x33 Src/system_stm32f1xx.o
 .ARM.attributes
                0x0000000000000248       0x33 Src/timing_service.o
 .ARM.attributes
                0x000000000000027b       0x33 Src/usart.o
 .ARM.attributes
                0x00000000000002ae       0x21 Startup/startup_stm32f103c8tx.o
 .ARM.attributes
                0x00000000000002cf       0x2d c:/st/stm32cubeide_1.0.2/stm32cubeide/plugins/com.st.stm32cube.ide.mcu.externaltools.gnu-tools-for-stm32.7-2018-q2-update.win32_1.0.0.201904181610/tools/bin/../lib/gcc/arm-none-eabi/7.3.1/../../../../arm-none-eabi/lib/thumb/v7-m\libc_nano.a(lib_a-init.o)
 .ARM.attributes
                0x00000000000002fc       0x1d c:/st/stm32cubeide_1.0.2/stm32cubeide/plugins/com.st.stm32cube.ide.mcu.externaltools.gnu-tools-for-stm32.7-2018-q2-update.win32_1.0.0.201904181610/tools/bin/../lib/gcc/arm-none-eabi/7.3.1/thumb/v7-m/crtn.o
OUTPUT(lightAHRS.elf elf32-littlearm)

.debug_info     0x0000000000000000     0x495e
 .debug_info    0x0000000000000000      0x670 Drivers/STM32F1xx_HAL_Driver/Src/stm32f1xx_ll_gpio.o
 .debug_info    0x0000000000000670      0x559 Drivers/STM32F1xx_HAL_Driver/Src/stm32f1xx_ll_i2c.o
 .debug_info    0x0000000000000bc9      0x591 Drivers/STM32F1xx_HAL_Driver/Src/stm32f1xx_ll_rcc.o
 .debug_info    0x000000000000115a      0x617 Drivers/STM32F1xx_HAL_Driver/Src/stm32f1xx_ll_usart.o
 .debug_info    0x0000000000001771      0x775 Drivers/STM32F1xx_HAL_Driver/Src/stm32f1xx_ll_utils.o
 .debug_info    0x0000000000001ee6      0x326 Src/gpio.o
 .debug_info    0x000000000000220c      0x9c3 Src/i2c.o
 .debug_info    0x0000000000002bcf      0x82f Src/main.o
 .debug_info    0x00000000000033fe      0x1f4 Src/stm32f1xx_it.o
 .debug_info    0x00000000000035f2      0x3e5 Src/system_stm32f1xx.o
 .debug_info    0x00000000000039d7      0x641 Src/timing_service.o
 .debug_info    0x0000000000004018      0x924 Src/usart.o
 .debug_info    0x000000000000493c       0x22 Startup/startup_stm32f103c8tx.o

.debug_abbrev   0x0000000000000000     0x1432
 .debug_abbrev  0x0000000000000000      0x210 Drivers/STM32F1xx_HAL_Driver/Src/stm32f1xx_ll_gpio.o
 .debug_abbrev  0x0000000000000210      0x193 Drivers/STM32F1xx_HAL_Driver/Src/stm32f1xx_ll_i2c.o
 .debug_abbrev  0x00000000000003a3      0x250 Drivers/STM32F1xx_HAL_Driver/Src/stm32f1xx_ll_rcc.o
 .debug_abbrev  0x00000000000005f3      0x1b1 Drivers/STM32F1xx_HAL_Driver/Src/stm32f1xx_ll_usart.o
 .debug_abbrev  0x00000000000007a4      0x211 Drivers/STM32F1xx_HAL_Driver/Src/stm32f1xx_ll_utils.o
 .debug_abbrev  0x00000000000009b5      0x15d Src/gpio.o
 .debug_abbrev  0x0000000000000b12      0x1d0 Src/i2c.o
 .debug_abbrev  0x0000000000000ce2      0x1cd Src/main.o
 .debug_abbrev  0x0000000000000eaf       0xa3 Src/stm32f1xx_it.o
 .debug_abbrev  0x0000000000000f52      0x134 Src/system_stm32f1xx.o
 .debug_abbrev  0x0000000000001086      0x1ca Src/timing_service.o
 .debug_abbrev  0x0000000000001250      0x1d0 Src/usart.o
 .debug_abbrev  0x0000000000001420       0x12 Startup/startup_stm32f103c8tx.o

.debug_aranges  0x0000000000000000      0x5f0
 .debug_aranges
                0x0000000000000000       0x60 Drivers/STM32F1xx_HAL_Driver/Src/stm32f1xx_ll_gpio.o
 .debug_aranges
                0x0000000000000060       0x70 Drivers/STM32F1xx_HAL_Driver/Src/stm32f1xx_ll_i2c.o
 .debug_aranges
                0x00000000000000d0       0xd8 Drivers/STM32F1xx_HAL_Driver/Src/stm32f1xx_ll_rcc.o
 .debug_aranges
                0x00000000000001a8       0x88 Drivers/STM32F1xx_HAL_Driver/Src/stm32f1xx_ll_usart.o
 .debug_aranges
                0x0000000000000230       0xf0 Drivers/STM32F1xx_HAL_Driver/Src/stm32f1xx_ll_utils.o
 .debug_aranges
                0x0000000000000320       0x30 Src/gpio.o
 .debug_aranges
                0x0000000000000350       0x70 Src/i2c.o
 .debug_aranges
                0x00000000000003c0       0xd0 Src/main.o
 .debug_aranges
                0x0000000000000490       0x70 Src/stm32f1xx_it.o
 .debug_aranges
                0x0000000000000500       0x28 Src/system_stm32f1xx.o
 .debug_aranges
                0x0000000000000528       0x48 Src/timing_service.o
 .debug_aranges
                0x0000000000000570       0x58 Src/usart.o
 .debug_aranges
                0x00000000000005c8       0x28 Startup/startup_stm32f103c8tx.o

.debug_ranges   0x0000000000000000      0x528
 .debug_ranges  0x0000000000000000       0x50 Drivers/STM32F1xx_HAL_Driver/Src/stm32f1xx_ll_gpio.o
 .debug_ranges  0x0000000000000050       0x60 Drivers/STM32F1xx_HAL_Driver/Src/stm32f1xx_ll_i2c.o
 .debug_ranges  0x00000000000000b0       0xc8 Drivers/STM32F1xx_HAL_Driver/Src/stm32f1xx_ll_rcc.o
 .debug_ranges  0x0000000000000178       0x78 Drivers/STM32F1xx_HAL_Driver/Src/stm32f1xx_ll_usart.o
 .debug_ranges  0x00000000000001f0       0xe0 Drivers/STM32F1xx_HAL_Driver/Src/stm32f1xx_ll_utils.o
 .debug_ranges  0x00000000000002d0       0x20 Src/gpio.o
 .debug_ranges  0x00000000000002f0       0x60 Src/i2c.o
 .debug_ranges  0x0000000000000350       0xc0 Src/main.o
 .debug_ranges  0x0000000000000410       0x60 Src/stm32f1xx_it.o
 .debug_ranges  0x0000000000000470       0x18 Src/system_stm32f1xx.o
 .debug_ranges  0x0000000000000488       0x38 Src/timing_service.o
 .debug_ranges  0x00000000000004c0       0x48 Src/usart.o
 .debug_ranges  0x0000000000000508       0x20 Startup/startup_stm32f103c8tx.o

.debug_macro    0x0000000000000000     0x2073
 .debug_macro   0x0000000000000000       0xf8 Drivers/STM32F1xx_HAL_Driver/Src/stm32f1xx_ll_gpio.o
 .debug_macro   0x00000000000000f8      0x224 Drivers/STM32F1xx_HAL_Driver/Src/stm32f1xx_ll_gpio.o
 .debug_macro   0x000000000000031c      0x107 Drivers/STM32F1xx_HAL_Driver/Src/stm32f1xx_ll_i2c.o
 .debug_macro   0x0000000000000423      0x15e Drivers/STM32F1xx_HAL_Driver/Src/stm32f1xx_ll_i2c.o
 .debug_macro   0x0000000000000581      0x2be Drivers/STM32F1xx_HAL_Driver/Src/stm32f1xx_ll_i2c.o
 .debug_macro   0x000000000000083f       0xdd Drivers/STM32F1xx_HAL_Driver/Src/stm32f1xx_ll_rcc.o
 .debug_macro   0x000000000000091c      0x2b8 Drivers/STM32F1xx_HAL_Driver/Src/stm32f1xx_ll_rcc.o
 .debug_macro   0x0000000000000bd4      0x131 Drivers/STM32F1xx_HAL_Driver/Src/stm32f1xx_ll_usart.o
 .debug_macro   0x0000000000000d05      0x1ae Drivers/STM32F1xx_HAL_Driver/Src/stm32f1xx_ll_usart.o
 .debug_macro   0x0000000000000eb3      0x133 Drivers/STM32F1xx_HAL_Driver/Src/stm32f1xx_ll_utils.o
 .debug_macro   0x0000000000000fe6       0x2a Drivers/STM32F1xx_HAL_Driver/Src/stm32f1xx_ll_utils.o
 .debug_macro   0x0000000000001010       0x74 Drivers/STM32F1xx_HAL_Driver/Src/stm32f1xx_ll_utils.o
 .debug_macro   0x0000000000001084      0x13e Src/gpio.o
 .debug_macro   0x00000000000011c2       0xd0 Src/gpio.o
 .debug_macro   0x0000000000001292       0x28 Src/gpio.o
 .debug_macro   0x00000000000012ba       0x90 Src/gpio.o
 .debug_macro   0x000000000000134a      0x287 Src/gpio.o
 .debug_macro   0x00000000000015d1      0x1b4 Src/gpio.o
 .debug_macro   0x0000000000001785      0x22a Src/gpio.o
 .debug_macro   0x00000000000019af       0x2e Src/gpio.o
 .debug_macro   0x00000000000019dd      0x13e Src/i2c.o
 .debug_macro   0x0000000000001b1b      0x15a Src/main.o
 .debug_macro   0x0000000000001c75      0x13e Src/stm32f1xx_it.o
 .debug_macro   0x0000000000001db3       0xc2 Src/system_stm32f1xx.o
 .debug_macro   0x0000000000001e75       0xc0 Src/timing_service.o
 .debug_macro   0x0000000000001f35      0x13e Src/usart.o

.debug_line     0x0000000000000000     0x4a3c
 .debug_line    0x0000000000000000      0x600 Drivers/STM32F1xx_HAL_Driver/Src/stm32f1xx_ll_gpio.o
 .debug_line    0x0000000000000600      0x611 Drivers/STM32F1xx_HAL_Driver/Src/stm32f1xx_ll_i2c.o
 .debug_line    0x0000000000000c11      0x6ae Drivers/STM32F1xx_HAL_Driver/Src/stm32f1xx_ll_rcc.o
 .debug_line    0x00000000000012bf      0x60c Drivers/STM32F1xx_HAL_Driver/Src/stm32f1xx_ll_usart.o
 .debug_line    0x00000000000018cb      0x729 Drivers/STM32F1xx_HAL_Driver/Src/stm32f1xx_ll_utils.o
 .debug_line    0x0000000000001ff4      0x5af Src/gpio.o
 .debug_line    0x00000000000025a3      0x680 Src/i2c.o
 .debug_line    0x0000000000002c23      0x7b2 Src/main.o
 .debug_line    0x00000000000033d5      0x645 Src/stm32f1xx_it.o
 .debug_line    0x0000000000003a1a      0x488 Src/system_stm32f1xx.o
 .debug_line    0x0000000000003ea2      0x4d4 Src/timing_service.o
 .debug_line    0x0000000000004376      0x647 Src/usart.o
 .debug_line    0x00000000000049bd       0x7f Startup/startup_stm32f103c8tx.o

.debug_str      0x0000000000000000    0x5c773
 .debug_str     0x0000000000000000    0x55993 Drivers/STM32F1xx_HAL_Driver/Src/stm32f1xx_ll_gpio.o
                                      0x55bf6 (size before relaxing)
 .debug_str     0x0000000000055993     0x2197 Drivers/STM32F1xx_HAL_Driver/Src/stm32f1xx_ll_i2c.o
                                      0x56990 (size before relaxing)
 .debug_str     0x0000000000057b2a      0x364 Drivers/STM32F1xx_HAL_Driver/Src/stm32f1xx_ll_rcc.o
                                      0x55761 (size before relaxing)
 .debug_str     0x0000000000057e8e     0x1650 Drivers/STM32F1xx_HAL_Driver/Src/stm32f1xx_ll_usart.o
                                      0x5702f (size before relaxing)
 .debug_str     0x00000000000594de      0xfa2 Drivers/STM32F1xx_HAL_Driver/Src/stm32f1xx_ll_utils.o
                                      0x563ef (size before relaxing)
 .debug_str     0x000000000005a480     0x1bae Src/gpio.o
                                      0x5a24e (size before relaxing)
 .debug_str     0x000000000005c02e      0x444 Src/i2c.o
                                      0x5a798 (size before relaxing)
 .debug_str     0x000000000005c472       0xc8 Src/main.o
                                      0x5a4df (size before relaxing)
 .debug_str     0x000000000005c53a       0xe0 Src/stm32f1xx_it.o
                                      0x5a227 (size before relaxing)
 .debug_str     0x000000000005c61a       0x65 Src/system_stm32f1xx.o
                                      0x542fc (size before relaxing)
 .debug_str     0x000000000005c67f       0x77 Src/timing_service.o
                                      0x54642 (size before relaxing)
 .debug_str     0x000000000005c6f6       0x4c Src/usart.o
                                      0x5a747 (size before relaxing)
 .debug_str     0x000000000005c742       0x31 Startup/startup_stm32f103c8tx.o
                                         0x63 (size before relaxing)

.comment        0x0000000000000000       0x7b
 .comment       0x0000000000000000       0x7b Drivers/STM32F1xx_HAL_Driver/Src/stm32f1xx_ll_gpio.o
                                         0x7c (size before relaxing)
 .comment       0x000000000000007b       0x7c Drivers/STM32F1xx_HAL_Driver/Src/stm32f1xx_ll_i2c.o
 .comment       0x000000000000007b       0x7c Drivers/STM32F1xx_HAL_Driver/Src/stm32f1xx_ll_rcc.o
 .comment       0x000000000000007b       0x7c Drivers/STM32F1xx_HAL_Driver/Src/stm32f1xx_ll_usart.o
 .comment       0x000000000000007b       0x7c Drivers/STM32F1xx_HAL_Driver/Src/stm32f1xx_ll_utils.o
 .comment       0x000000000000007b       0x7c Src/gpio.o
 .comment       0x000000000000007b       0x7c Src/i2c.o
 .comment       0x000000000000007b       0x7c Src/main.o
 .comment       0x000000000000007b       0x7c Src/stm32f1xx_it.o
 .comment       0x000000000000007b       0x7c Src/system_stm32f1xx.o
 .comment       0x000000000000007b       0x7c Src/timing_service.o
 .comment       0x000000000000007b       0x7c Src/usart.o

.debug_frame    0x0000000000000000     0x160c
 .debug_frame   0x0000000000000000      0x170 Drivers/STM32F1xx_HAL_Driver/Src/stm32f1xx_ll_gpio.o
 .debug_frame   0x0000000000000170      0x1c4 Drivers/STM32F1xx_HAL_Driver/Src/stm32f1xx_ll_i2c.o
 .debug_frame   0x0000000000000334      0x34c Drivers/STM32F1xx_HAL_Driver/Src/stm32f1xx_ll_rcc.o
 .debug_frame   0x0000000000000680      0x234 Drivers/STM32F1xx_HAL_Driver/Src/stm32f1xx_ll_usart.o
 .debug_frame   0x00000000000008b4      0x3dc Drivers/STM32F1xx_HAL_Driver/Src/stm32f1xx_ll_utils.o
 .debug_frame   0x0000000000000c90       0x84 Src/gpio.o
 .debug_frame   0x0000000000000d14      0x1bc Src/i2c.o
 .debug_frame   0x0000000000000ed0      0x344 Src/main.o
 .debug_frame   0x0000000000001214      0x150 Src/stm32f1xx_it.o
 .debug_frame   0x0000000000001364       0x58 Src/system_stm32f1xx.o
 .debug_frame   0x00000000000013bc       0xe0 Src/timing_service.o
 .debug_frame   0x000000000000149c      0x144 Src/usart.o
 .debug_frame   0x00000000000015e0       0x2c c:/st/stm32cubeide_1.0.2/stm32cubeide/plugins/com.st.stm32cube.ide.mcu.externaltools.gnu-tools-for-stm32.7-2018-q2-update.win32_1.0.0.201904181610/tools/bin/../lib/gcc/arm-none-eabi/7.3.1/../../../../arm-none-eabi/lib/thumb/v7-m\libc_nano.a(lib_a-init.o)
